2026-09-19 18:10:00 - Test log entry 1
2026-09-19 18:11:00 - Test log entry 2
2026-09-19 18:12:00 - Test log entry 3
